Flow report for maquinaEstados
Sun Dec 04 19:23:01 2022
Quartus II 64-Bit Version 13.1.0 Build 162 10/23/2013 SJ Web Edition


---------------------
; Table of Contents ;
---------------------
  1. Legal Notice
  2. Flow Summary
  3. Flow Settings
  4. Flow Non-Default Global Settings
  5. Flow Elapsed Time
  6. Flow OS Summary
  7. Flow Log
  8. Flow Messages
  9. Flow Suppressed Messages



----------------
; Legal Notice ;
----------------
Copyright (C) 1991-2013 Altera Corporation
Your use of Altera Corporation's design tools, logic functions 
and other software and tools, and its AMPP partner logic 
functions, and any output files from any of the foregoing 
(including device programming or simulation files), and any 
associated documentation or information are expressly subject 
to the terms and conditions of the Altera Program License 
Subscription Agreement, Altera MegaCore Function License 
Agreement, or other applicable license agreement, including, 
without limitation, that your use is for the sole purpose of 
programming logic devices manufactured by Altera and sold by 
Altera or its authorized distributors.  Please refer to the 
applicable agreement for further details.



+------------------------------------------------------------------------+
; Flow Summary                                                           ;
+---------------------------+--------------------------------------------+
; Flow Status               ; Successful - Sun Dec 04 19:23:01 2022      ;
; Quartus II 64-Bit Version ; 13.1.0 Build 162 10/23/2013 SJ Web Edition ;
; Revision Name             ; maquinaEstados                             ;
; Top-level Entity Name     ; maquinaEstados                             ;
; Family                    ; MAX V                                      ;
; Total logic elements      ; 84 / 160 ( 53 % )                          ;
; Total pins                ; 25 / 52 ( 48 % )                           ;
; Total virtual pins        ; 0                                          ;
; UFM blocks                ; 0 / 1 ( 0 % )                              ;
; Device                    ; 5M160ZM68C4                                ;
; Timing Models             ; Final                                      ;
+---------------------------+--------------------------------------------+


+-----------------------------------------+
; Flow Settings                           ;
+-------------------+---------------------+
; Option            ; Setting             ;
+-------------------+---------------------+
; Start date & time ; 12/04/2022 19:22:51 ;
; Main task         ; Compilation         ;
; Revision Name     ; maquinaEstados      ;
+-------------------+---------------------+


+-----------------------------------------------------------------------------------------------------------+
; Flow Non-Default Global Settings                                                                          ;
+--------------------------+---------------------------------+---------------+-------------+----------------+
; Assignment Name          ; Value                           ; Default Value ; Entity Name ; Section Id     ;
+--------------------------+---------------------------------+---------------+-------------+----------------+
; COMPILER_SIGNATURE_ID    ; 185122839338898.167017817117264 ; --            ; --          ; --             ;
; EDA_OUTPUT_DATA_FORMAT   ; Vhdl                            ; --            ; --          ; eda_simulation ;
; EDA_SIMULATION_TOOL      ; ModelSim-Altera (VHDL)          ; <None>        ; --          ; --             ;
; PROJECT_OUTPUT_DIRECTORY ; output_files                    ; --            ; --          ; --             ;
+--------------------------+---------------------------------+---------------+-------------+----------------+


+-------------------------------------------------------------------------------------------------------------------------------+
; Flow Elapsed Time                                                                                                             ;
+---------------------------+--------------+-------------------------+---------------------+------------------------------------+
; Module Name               ; Elapsed Time ; Average Processors Used ; Peak Virtual Memory ; Total CPU Time (on all processors) ;
+---------------------------+--------------+-------------------------+---------------------+------------------------------------+
; Analysis & Synthesis      ; 00:00:01     ; 1.0                     ; 4651 MB             ; 00:00:01                           ;
; Fitter                    ; 00:00:02     ; 6.0                     ; 5421 MB             ; 00:00:02                           ;
; Assembler                 ; 00:00:00     ; 1.0                     ; 4561 MB             ; 00:00:00                           ;
; TimeQuest Timing Analyzer ; 00:00:01     ; 1.0                     ; 4587 MB             ; 00:00:01                           ;
; EDA Netlist Writer        ; 00:00:00     ; 1.0                     ; 4527 MB             ; 00:00:00                           ;
; Total                     ; 00:00:04     ; --                      ; --                  ; 00:00:04                           ;
+---------------------------+--------------+-------------------------+---------------------+------------------------------------+


+----------------------------------------------------------------------------------------+
; Flow OS Summary                                                                        ;
+---------------------------+------------------+-----------+------------+----------------+
; Module Name               ; Machine Hostname ; OS Name   ; OS Version ; Processor type ;
+---------------------------+------------------+-----------+------------+----------------+
; Analysis & Synthesis      ; DESKTOP-PT4KV5H  ; Windows 7 ; 6.2        ; x86_64         ;
; Fitter                    ; DESKTOP-PT4KV5H  ; Windows 7 ; 6.2        ; x86_64         ;
; Assembler                 ; DESKTOP-PT4KV5H  ; Windows 7 ; 6.2        ; x86_64         ;
; TimeQuest Timing Analyzer ; DESKTOP-PT4KV5H  ; Windows 7 ; 6.2        ; x86_64         ;
; EDA Netlist Writer        ; DESKTOP-PT4KV5H  ; Windows 7 ; 6.2        ; x86_64         ;
+---------------------------+------------------+-----------+------------+----------------+


------------
; Flow Log ;
------------
quartus_map --read_settings_files=on --write_settings_files=off maquinaEstados -c maquinaEstados
quartus_fit --read_settings_files=off --write_settings_files=off maquinaEstados -c maquinaEstados
quartus_asm --read_settings_files=off --write_settings_files=off maquinaEstados -c maquinaEstados
quartus_sta maquinaEstados -c maquinaEstados
quartus_eda --read_settings_files=off --write_settings_files=off maquinaEstados -c maquinaEstados



